[33mÔØ»[39m Building...
[32mÔ£ö[39m Building...
Application bundle generation failed. [15.395 seconds]

node.exe : 
[1m[33m[33mÔû▓ [4
3;33m[[43;30mWARNING
[43;33m][0m 
[1mNG8107: The left 
side of this 
optional chain 
operation does not 
include 'null' or 
'undefined' in its 
type, therefore the 
'?.' operator can be 
replaced with the 
'.' operator.[0m 
[1m[35m[plugin 
angular-compiler][0m
En C:\Users\rogit\App
Data\Roaming\npm\ng.p
s1: 24 Carácter: 5
+     & "node$exe"  "
$basedir/node_modules
/@angular/cli/bin/ng.
js" $arg ...
+     ~~~~~~~~~~~~~~~
~~~~~~~~~~~~~~~~~~~~~
~~~~~~~~~~~~~~~~~~~~~
~~~~~~~~
    + CategoryInfo   
           : NotSpe  
  cified: ([1m[3   
 3m[33mÔ...r-com    
piler][0m:Strin    
g) [], RemoteExc    
eption
    + FullyQualified 
   ErrorId : Native  
  CommandError
 

    src/app/modules/S
ecutiry/roles/role-de
tails/role-details.co
mponent.html:173:48:
[37m      173 Ôöé   
                     
 {{ vm.role.permissio
ns?.[32mlength[37m 
|| 0 }}
          ÔòÁ        
                     
                    
[32m~~~~~~[0m

  Warning occurs in 
the template of 
component 
RoleDetailsComponent.

    src/app/modules/S
ecutiry/roles/role-de
tails/role-details.co
mponent.ts:29:15:
[37m      29 Ôöé   
templateUrl: [32m'./
role-details.componen
t.html'[37m,
         ÔòÁ         
       [32m~~~~~~~~~
~~~~~~~~~~~~~~~~~~~~~
~[0m


[33mÔû▓ [43;33m[[4
3;30mWARNING[43;33m]
[0m [1mNG8113: 
RouterLink is not 
used within the 
template of RoleDetai
lsComponent[0m 
[1m[35m[plugin 
angular-compiler][0m

    src/app/modules/S
ecutiry/roles/role-de
tails/role-details.co
mponent.ts:22:4:
[37m      22 Ôöé    
 
[32mRouterLink[37m,
         ÔòÁ     
[32m~~~~~~~~~~[0m


[33mÔû▓ [43;33m[[4
3;30mWARNING[43;33m]
[0m [1mNG8113: 
RouterLink is not 
used within the 
template of 
UsersComponent[0m 
[1m[35m[plugin 
angular-compiler][0m

    src/app/modules/S
ecutiry/users/users.c
omponent.ts:26:4:
[37m      26 Ôöé    
 
[32mRouterLink[37m,
         ÔòÁ     
[32m~~~~~~~~~~[0m


[33mÔû▓ [43;33m[[4
3;30mWARNING[43;33m]
[0m [1mNG8102: The 
left side of this 
nullish coalescing 
operation does not 
include 'null' or 
'undefined' in its 
type, therefore the 
'??' operator can be 
safely removed.[0m 
[1m[35m[plugin 
angular-compiler][0m

    src/app/modules/c
ollections/components
/generator/schedule-g
enerator.component.ts
:149:105:
[37m      149 Ôöé 
...hite">{{ formatCur
rency(+([32mcontract
.financing_amount ?? 
0[37m)) }}</p>
          ÔòÁ        
                     
 [32m~~~~~~~~~~~~~~~
~~~~~~~~~~~~~~~[0m


[33mÔû▓ [43;33m[[4
3;30mWARNING[43;33m]
[0m [1mNG8102: The 
left side of this 
nullish coalescing 
operation does not 
include 'null' or 
'undefined' in its 
type, therefore the 
'??' operator can be 
safely removed.[0m 
[1m[35m[plugin 
angular-compiler][0m

    src/app/modules/c
ollections/components
/generator/schedule-g
enerator.component.ts
:207:98:
[37m      207 Ôöé ..
.rmatCurrency(+([32m
selectedContract()!.f
inancing_amount ?? 
0[37m)) }}</p>
          ÔòÁ        
           [32m~~~~~
~~~~~~~~~~~~~~~~~~~~~
~~~~~~~~~~~~~~~[0m


[33mÔû▓ [43;33m[[4
3;30mWARNING[43;33m]
[0m [1mNG8107: The 
left side of this 
optional chain 
operation does not 
include 'null' or 
'undefined' in its 
type, therefore the 
'?.' operator can be 
replaced with the 
'.' operator.[0m 
[1m[35m[plugin 
angular-compiler][0m

    src/app/modules/c
ollections/components
/hr-integration-dashb
oard/hr-integration-d
ashboard.component.ht
ml:334:83:
[37m      334 Ôöé ..
.0">{{commission.empl
oyee?.[32mfirst_name
[37m}} {{commission.
employee?....
          ÔòÁ        
                     
 [32m~~~~~~~~~~[0m

  Warning occurs in 
the template of 
component HrIntegrati
onDashboardComponent.

    src/app/modules/c
ollections/components
/hr-integration-dashb
oard/hr-integration-d
ashboard.component.ts
:16:15:
[37m      16 Ôöé   
templateUrl: [32m'./
hr-integration-dashbo
ard.component.html'[
37m,
         ÔòÁ         
       [32m~~~~~~~~~
~~~~~~~~~~~~~~~~~~~~~
~~~~~~~~~~~~~[0m


[33mÔû▓ [43;33m[[4
3;30mWARNING[43;33m]
[0m [1mNG8107: The 
left side of this 
optional chain 
operation does not 
include 'null' or 
'undefined' in its 
type, therefore the 
'?.' operator can be 
replaced with the 
'.' operator.[0m 
[1m[35m[plugin 
angular-compiler][0m

    src/app/modules/c
ollections/components
/hr-integration-dashb
oard/hr-integration-d
ashboard.component.ht
ml:334:119:
[37m      334 Ôöé ..
.n.employee?.first_na
me}} {{commission.emp
loyee?.[32mlast_name
[37m}}</div>
          ÔòÁ        
                     
                     
  [32m~~~~~~~~~[0m

  Warning occurs in 
the template of 
component HrIntegrati
onDashboardComponent.

    src/app/modules/c
ollections/components
/hr-integration-dashb
oard/hr-integration-d
ashboard.component.ts
:16:15:
[37m      16 Ôöé   
templateUrl: [32m'./
hr-integration-dashbo
ard.component.html'[
37m,
         ÔòÁ         
       [32m~~~~~~~~~
~~~~~~~~~~~~~~~~~~~~~
~~~~~~~~~~~~~[0m


[33mÔû▓ [43;33m[[4
3;30mWARNING[43;33m]
[0m [1mNG8107: The 
left side of this 
optional chain 
operation does not 
include 'null' or 
'undefined' in its 
type, therefore the 
'?.' operator can be 
replaced with the 
'.' operator.[0m 
[1m[35m[plugin 
angular-compiler][0m

    src/app/modules/c
ollections/components
/hr-integration-dashb
oard/hr-integration-d
ashboard.component.ht
ml:335:81:
[37m      335 Ôöé 
...-gray-500 
text-xs">ID: {{commis
sion.employee?.[32me
mployee_id[37m}}</di
v>
          ÔòÁ        
                     
                     
[32m~~~~~~~~~~~[0m

  Warning occurs in 
the template of 
component HrIntegrati
onDashboardComponent.

    src/app/modules/c
ollections/components
/hr-integration-dashb
oard/hr-integration-d
ashboard.component.ts
:16:15:
[37m      16 Ôöé   
templateUrl: [32m'./
hr-integration-dashbo
ard.component.html'[
37m,
         ÔòÁ         
       [32m~~~~~~~~~
~~~~~~~~~~~~~~~~~~~~~
~~~~~~~~~~~~~[0m


[33mÔû▓ [43;33m[[4
3;30mWARNING[43;33m]
[0m [1mNG8113: 
RouterLink is not 
used within the 
template of Dashboard
Component[0m 
[1m[35m[plugin 
angular-compiler][0m

    src/app/modules/d
ashboard/pages/dashbo
ard.component.ts:17:4
:
[37m      17 Ôöé    
 
[32mRouterLink[37m,
         ÔòÁ     
[32m~~~~~~~~~~[0m


[33mÔû▓ [43;33m[[4
3;30mWARNING[43;33m]
[0m [1mNG8113: Fina
nceWidgetComponent 
is not used within 
the template of Dashb
oardComponent[0m 
[1m[35m[plugin 
angular-compiler][0m

    src/app/modules/d
ashboard/pages/dashbo
ard.component.ts:19:4
:
[37m      19 Ôöé    
 [32mFinanceWidgetCo
mponent[37m,
         ÔòÁ     [32
m~~~~~~~~~~~~~~~~~~~~
~~[0m


[33mÔû▓ [43;33m[[4
3;30mWARNING[43;33m]
[0m [1mNG8113: Dash
boardCardComponent 
is not used within 
the template of Dashb
oardComponent[0m 
[1m[35m[plugin 
angular-compiler][0m

    src/app/modules/d
ashboard/pages/dashbo
ard.component.ts:20:4
:
[37m      20 Ôöé    
 [32mDashboardCardCo
mponent[37m
         ÔòÁ     [32
m~~~~~~~~~~~~~~~~~~~~
~~[0m


[33mÔû▓ [43;33m[[4
3;30mWARNING[43;33m]
[0m [1mNG8107: The 
left side of this 
optional chain 
operation does not 
include 'null' or 
'undefined' in its 
type, therefore the 
'?.' operator can be 
replaced with the 
'.' operator.[0m 
[1m[35m[plugin 
angular-compiler][0m

    src/app/modules/h
umanResources/compone
nts/advisor-commissio
ns-modal/advisor-comm
issions-modal.compone
nt.html:111:68:
[37m      111 Ôöé 
...      {{ formatPer
iod(contractGroup.com
missions[0]?.[32mper
iod_month[37m,
          ÔòÁ        
                     
                     
      
[32m~~~~~~~~~~~~[0m

  Warning occurs in 
the template of 
component AdvisorComm
issionsModalComponent
.

    src/app/modules/h
umanResources/compone
nts/advisor-commissio
ns-modal/advisor-comm
issions-modal.compone
nt.ts:36:15:
[37m      36 Ôöé   
templateUrl: [32m'./
advisor-commissions-m
odal.component.html'
[37m,
         ÔòÁ         
       [32m~~~~~~~~~
~~~~~~~~~~~~~~~~~~~~~
~~~~~~~~~~~~~~[0m


[33mÔû▓ [43;33m[[4
3;30mWARNING[43;33m]
[0m [1mNG8107: The 
left side of this 
optional chain 
operation does not 
include 'null' or 
'undefined' in its 
type, therefore the 
'?.' operator can be 
replaced with the 
'.' operator.[0m 
[1m[35m[plugin 
angular-compiler][0m

    src/app/modules/h
umanResources/compone
nts/advisor-commissio
ns-modal/advisor-comm
issions-modal.compone
nt.html:112:52:
[37m      112 Ôöé   
                    c
ontractGroup.commissi
ons[0]?.[32mperiod_y
ear[37m) }}
          ÔòÁ        
                     
                     
   
[32m~~~~~~~~~~~[0m

  Warning occurs in 
the template of 
component AdvisorComm
issionsModalComponent
.

    src/app/modules/h
umanResources/compone
nts/advisor-commissio
ns-modal/advisor-comm
issions-modal.compone
nt.ts:36:15:
[37m      36 Ôöé   
templateUrl: [32m'./
advisor-commissions-m
odal.component.html'
[37m,
         ÔòÁ         
       [32m~~~~~~~~~
~~~~~~~~~~~~~~~~~~~~~
~~~~~~~~~~~~~~[0m


[33mÔû▓ [43;33m[[4
3;30mWARNING[43;33m]
[0m [1mNG8107: The 
left side of this 
optional chain 
operation does not 
include 'null' or 
'undefined' in its 
type, therefore the 
'?.' operator can be 
replaced with the 
'.' operator.[0m 
[1m[35m[plugin 
angular-compiler][0m

    src/app/modules/h
umanResources/compone
nts/advisor-commissio
ns-modal/advisor-comm
issions-modal.compone
nt.html:128:61:
[37m      128 Ôöé 
...   Lote: {{ contra
ctGroup.commissions[0
]?.[32mcontract[37m
?.lot_number }}
          ÔòÁ        
                     
                 
[32m~~~~~~~~[0m

  Warning occurs in 
the template of 
component AdvisorComm
issionsModalComponent
.

    src/app/modules/h
umanResources/compone
nts/advisor-commissio
ns-modal/advisor-comm
issions-modal.compone
nt.ts:36:15:
[37m      36 Ôöé   
templateUrl: [32m'./
advisor-commissions-m
odal.component.html'
[37m,
         ÔòÁ         
       [32m~~~~~~~~~
~~~~~~~~~~~~~~~~~~~~~
~~~~~~~~~~~~~~[0m


[33mÔû▓ [43;33m[[4
3;30mWARNING[43;33m]
[0m [1mNG8107: The 
left side of this 
optional chain 
operation does not 
include 'null' or 
'undefined' in its 
type, therefore the 
'?.' operator can be 
replaced with the 
'.' operator.[0m 
[1m[35m[plugin 
angular-compiler][0m

    src/app/modules/h
umanResources/compone
nts/advisor-commissio
ns-modal/advisor-comm
issions-modal.compone
nt.html:133:64:
[37m      133 Ôöé 
...nzana: {{ contract
Group.commissions[0]?
.[32mcontract[37m?.
block_number }}
          ÔòÁ        
                     
               
[32m~~~~~~~~[0m

  Warning occurs in 
the template of 
component AdvisorComm
issionsModalComponent
.

    src/app/modules/h
umanResources/compone
nts/advisor-commissio
ns-modal/advisor-comm
issions-modal.compone
nt.ts:36:15:
[37m      36 Ôöé   
templateUrl: [32m'./
advisor-commissions-m
odal.component.html'
[37m,
         ÔòÁ         
       [32m~~~~~~~~~
~~~~~~~~~~~~~~~~~~~~~
~~~~~~~~~~~~~~[0m


[33mÔû▓ [43;33m[[4
3;30mWARNING[43;33m]
[0m [1mNG8107: The 
left side of this 
optional chain 
operation does not 
include 'null' or 
'undefined' in its 
type, therefore the 
'?.' operator can be 
replaced with the 
'.' operator.[0m 
[1m[35m[plugin 
angular-compiler][0m

    src/app/modules/h
umanResources/compone
nts/commission-list/c
ommission-list.compon
ent.html:240:50:
[37m      240 Ôöé ..
.visorGroup.commissio
ns[0]?.[32memployee
[37m?.full_name || 
'Asesor Sin ...
          ÔòÁ        
                     
  [32m~~~~~~~~[0m

  Warning occurs in 
the template of 
component CommissionL
istComponent.

    src/app/modules/h
umanResources/compone
nts/commission-list/c
ommission-list.compon
ent.ts:31:15:
[37m      31 Ôöé   
templateUrl: [32m'./
commission-list.compo
nent.html'[37m,
         ÔòÁ         
       [32m~~~~~~~~~
~~~~~~~~~~~~~~~~~~~~~
~~~~[0m


[33mÔû▓ [43;33m[[4
3;30mWARNING[43;33m]
[0m [1mNG8107: The 
left side of this 
optional chain 
operation does not 
include 'null' or 
'undefined' in its 
type, therefore the 
'?.' operator can be 
replaced with the 
'.' operator.[0m 
[1m[35m[plugin 
angular-compiler][0m

    src/app/modules/h
umanResources/compone
nts/commission-list/c
ommission-list.compon
ent.html:246:52:
[37m      246 Ôöé 
... advisorGroup.comm
issions[0]?.[32mempl
oyee[37m?.employee_c
ode || 'N/A' }}
          ÔòÁ        
                     
     
[32m~~~~~~~~[0m

  Warning occurs in 
the template of 
component CommissionL
istComponent.

    src/app/modules/h
umanResources/compone
nts/commission-list/c
ommission-list.compon
ent.ts:31:15:
[37m      31 Ôöé   
templateUrl: [32m'./
commission-list.compo
nent.html'[37m,
         ÔòÁ         
       [32m~~~~~~~~~
~~~~~~~~~~~~~~~~~~~~~
~~~~[0m


[33mÔû▓ [43;33m[[4
3;30mWARNING[43;33m]
[0m [1mNG8107: The 
left side of this 
optional chain 
operation does not 
include 'null' or 
'undefined' in its 
type, therefore the 
'?.' operator can be 
replaced with the 
'.' operator.[0m 
[1m[35m[plugin 
angular-compiler][0m

    src/app/modules/h
umanResources/compone
nts/commission-verifi
cation/commission-ver
ification.component.h
tml:259:40:
[37m      259 Ôöé 
...  {{ commission.em
ployee?.[32mfirst_na
me[37m }} {{ commiss
ion.employee...
          ÔòÁ        
                     
 [32m~~~~~~~~~~[0m

  Warning occurs in 
the template of 
component CommissionV
erificationComponent.

    src/app/modules/h
umanResources/compone
nts/commission-verifi
cation/commission-ver
ification.component.t
s:17:15:
[37m      17 Ôöé   
templateUrl: [32m'./
commission-verificati
on.component.html'[3
7m,
         ÔòÁ         
       [32m~~~~~~~~~
~~~~~~~~~~~~~~~~~~~~~
~~~~~~~~~~~~[0m


[33mÔû▓ [43;33m[[4
3;30mWARNING[43;33m]
[0m [1mNG8107: The 
left side of this 
optional chain 
operation does not 
include 'null' or 
'undefined' in its 
type, therefore the 
'?.' operator can be 
replaced with the 
'.' operator.[0m 
[1m[35m[plugin 
angular-compiler][0m

    src/app/modules/h
umanResources/compone
nts/employee-import-m
odal/employee-import-
modal.component.ts:23
1:55:
[37m      231 Ôöé 
.... y {{ (validation
Result.errors?.[32ml
ength[37m || 0) - 5 
}} errores m├ís
          ÔòÁ        
                     
        
[32m~~~~~~[0m


[33mÔû▓ [43;33m[[4
3;30mWARNING[43;33m]
[0m [1mNG8107: The 
left side of this 
optional chain 
operation does not 
include 'null' or 
'undefined' in its 
type, therefore the 
'?.' operator can be 
replaced with the 
'.' operator.[0m 
[1m[35m[plugin 
angular-compiler][0m

    src/app/modules/h
umanResources/compone
nts/employee-import-m
odal/employee-import-
modal.component.ts:27
5:53:
[37m      275 Ôöé 
...               [st
yle.width.%]="importP
rogress?.[32mpercent
age[37m || 0">
          ÔòÁ        
                     
                     
  [32m~~~~~~~~~~[0m


[33mÔû▓ [43;33m[[4
3;30mWARNING[43;33m]
[0m [1mNG8107: The 
left side of this 
optional chain 
operation does not 
include 'null' or 
'undefined' in its 
type, therefore the 
'?.' operator can be 
replaced with the 
'.' operator.[0m 
[1m[35m[plugin 
angular-compiler][0m

    src/app/modules/h
umanResources/compone
nts/employee-import-m
odal/employee-import-
modal.component.ts:28
1:36:
[37m      281 Ôöé   
               {{ imp
ortProgress?.[32mper
centage[37m || 0 }}%
          ÔòÁ        
                     
        
[32m~~~~~~~~~~[0m


[33mÔû▓ [43;33m[[4
3;30mWARNING[43;33m]
[0m [1mNG8107: The 
left side of this 
optional chain 
operation does not 
include 'null' or 
'undefined' in its 
type, therefore the 
'?.' operator can be 
replaced with the 
'.' operator.[0m 
[1m[35m[plugin 
angular-compiler][0m

    src/app/modules/i
nventory/components/l
ot-import/lot-import.
component.html:130:79
:
[37m      130 Ôöé 
...600 dark:text-gray
-300">{{ validationPr
ogress?.[32mcurrentS
tep[37m }}</p>
          ÔòÁ        
                     
                     
 [32m~~~~~~~~~~~[0m

  Warning occurs in 
the template of 
component 
LotImportComponent.

    src/app/modules/i
nventory/components/l
ot-import/lot-import.
component.ts:20:15:
[37m      20 Ôöé   
templateUrl: [32m'./
lot-import.component.
html'[37m,
         ÔòÁ         
       [32m~~~~~~~~~
~~~~~~~~~~~~~~~~~~~~
[0m


[33mÔû▓ [43;33m[[4
3;30mWARNING[43;33m]
[0m [1mNG8107: The 
left side of this 
optional chain 
operation does not 
include 'null' or 
'undefined' in its 
type, therefore the 
'?.' operator can be 
replaced with the 
'.' operator.[0m 
[1m[35m[plugin 
angular-compiler][0m

    src/app/modules/i
nventory/components/l
ot-import/lot-import.
component.html:151:66
:
[37m      151 Ôöé 
...semibold]="i === (
validationProgress?.
[32mcurrentStepIndex
[37m || 0) - 1"
          ÔòÁ        
                     
             [32m~~~
~~~~~~~~~~~~~[0m

  Warning occurs in 
the template of 
component 
LotImportComponent.

    src/app/modules/i
nventory/components/l
ot-import/lot-import.
component.ts:20:15:
[37m      20 Ôöé   
templateUrl: [32m'./
lot-import.component.
html'[37m,
         ÔòÁ         
       [32m~~~~~~~~~
~~~~~~~~~~~~~~~~~~~~
[0m


[33mÔû▓ [43;33m[[4
3;30mWARNING[43;33m]
[0m [1mNG8107: The 
left side of this 
optional chain 
operation does not 
include 'null' or 
'undefined' in its 
type, therefore the 
'?.' operator can be 
replaced with the 
'.' operator.[0m 
[1m[35m[plugin 
angular-compiler][0m

    src/app/modules/i
nventory/components/l
ot-import/lot-import.
component.html:152:65
:
[37m      152 Ôöé ..
.text-amber-900]="i 
< (validationProgress
?.[32mcurrentStepInd
ex[37m || 0)"
          ÔòÁ        
                     
                 [32
m~~~~~~~~~~~~~~~~[0m

  Warning occurs in 
the template of 
component 
LotImportComponent.

    src/app/modules/i
nventory/components/l
ot-import/lot-import.
component.ts:20:15:
[37m      20 Ôöé   
templateUrl: [32m'./
lot-import.component.
html'[37m,
         ÔòÁ         
       [32m~~~~~~~~~
~~~~~~~~~~~~~~~~~~~~
[0m


[33mÔû▓ [43;33m[[4
3;30mWARNING[43;33m]
[0m [1mNG8107: The 
left side of this 
optional chain 
operation does not 
include 'null' or 
'undefined' in its 
type, therefore the 
'?.' operator can be 
replaced with the 
'.' operator.[0m 
[1m[35m[plugin 
angular-compiler][0m

    src/app/modules/i
nventory/components/l
ot-import/lot-import.
component.html:153:70
:
[37m      153 Ôöé 
...ext-amber-100]="i 
< (validationProgress
?.[32mcurrentStepInd
ex[37m || 0)">
          ÔòÁ        
                     
                [32m
~~~~~~~~~~~~~~~~[0m

  Warning occurs in 
the template of 
component 
LotImportComponent.

    src/app/modules/i
nventory/components/l
ot-import/lot-import.
component.ts:20:15:
[37m      20 Ôöé   
templateUrl: [32m'./
lot-import.component.
html'[37m,
         ÔòÁ         
       [32m~~~~~~~~~
~~~~~~~~~~~~~~~~~~~~
[0m


[33mÔû▓ [43;33m[[4
3;30mWARNING[43;33m]
[0m [1mNG8107: The 
left side of this 
optional chain 
operation does not 
include 'null' or 
'undefined' in its 
type, therefore the 
'?.' operator can be 
replaced with the 
'.' operator.[0m 
[1m[35m[plugin 
angular-compiler][0m

    src/app/modules/i
nventory/components/l
ot-import/lot-import.
component.html:270:53
:
[37m      270 Ôöé 
...               [st
yle.width.%]="importP
rogress?.[32mpercent
age[37m || 0">
          ÔòÁ        
                     
                     
  [32m~~~~~~~~~~[0m

  Warning occurs in 
the template of 
component 
LotImportComponent.

    src/app/modules/i
nventory/components/l
ot-import/lot-import.
component.ts:20:15:
[37m      20 Ôöé   
templateUrl: [32m'./
lot-import.component.
html'[37m,
         ÔòÁ         
       [32m~~~~~~~~~
~~~~~~~~~~~~~~~~~~~~
[0m


[33mÔû▓ [43;33m[[4
3;30mWARNING[43;33m]
[0m [1mNG8107: The 
left side of this 
optional chain 
operation does not 
include 'null' or 
'undefined' in its 
type, therefore the 
'?.' operator can be 
replaced with the 
'.' operator.[0m 
[1m[35m[plugin 
angular-compiler][0m

    src/app/modules/i
nventory/components/l
ot-import/lot-import.
component.html:276:36
:
[37m      276 Ôöé   
               {{ imp
ortProgress?.[32mper
centage[37m || 0 }}%
          ÔòÁ        
                     
        
[32m~~~~~~~~~~[0m

  Warning occurs in 
the template of 
component 
LotImportComponent.

    src/app/modules/i
nventory/components/l
ot-import/lot-import.
component.ts:20:15:
[37m      20 Ôöé   
templateUrl: [32m'./
lot-import.component.
html'[37m,
         ÔòÁ         
       [32m~~~~~~~~~
~~~~~~~~~~~~~~~~~~~~
[0m


[33mÔû▓ [43;33m[[4
3;30mWARNING[43;33m]
[0m [1mNG8107: The 
left side of this 
optional chain 
operation does not 
include 'null' or 
'undefined' in its 
type, therefore the 
'?.' operator can be 
replaced with the 
'.' operator.[0m 
[1m[35m[plugin 
angular-compiler][0m

    src/app/modules/i
nventory/components/l
ot-import/lot-import.
component.html:325:10
7:
[37m      325 Ôöé 
...text-emerald-400 
mb-2">{{ importResult
?.[32mdata[37m?.tot
al_rows }}</div>
          ÔòÁ        
                     
               
[32m~~~~[0m

  Warning occurs in 
the template of 
component 
LotImportComponent.

    src/app/modules/i
nventory/components/l
ot-import/lot-import.
component.ts:20:15:
[37m      20 Ôöé   
templateUrl: [32m'./
lot-import.component.
html'[37m,
         ÔòÁ         
       [32m~~~~~~~~~
~~~~~~~~~~~~~~~~~~~~
[0m


[33mÔû▓ [43;33m[[4
3;30mWARNING[43;33m]
[0m [1mNG8107: The 
left side of this 
optional chain 
operation does not 
include 'null' or 
'undefined' in its 
type, therefore the 
'?.' operator can be 
replaced with the 
'.' operator.[0m 
[1m[35m[plugin 
angular-compiler][0m

    src/app/modules/i
nventory/components/l
ot-import/lot-import.
component.html:329:10
1:
[37m      329 Ôöé 
...xt-blue-400 
mb-2">{{ importResult
?.[32mdata[37m?.suc
cessful_rows }}</div>
          ÔòÁ        
                     
          
[32m~~~~[0m

  Warning occurs in 
the template of 
component 
LotImportComponent.

    src/app/modules/i
nventory/components/l
ot-import/lot-import.
component.ts:20:15:
[37m      20 Ôöé   
templateUrl: [32m'./
lot-import.component.
html'[37m,
         ÔòÁ         
       [32m~~~~~~~~~
~~~~~~~~~~~~~~~~~~~~
[0m


[33mÔû▓ [43;33m[[4
3;30mWARNING[43;33m]
[0m [1mNG8107: The 
left side of this 
optional chain 
operation does not 
include 'null' or 
'undefined' in its 
type, therefore the 
'?.' operator can be 
replaced with the 
'.' operator.[0m 
[1m[35m[plugin 
angular-compiler][0m

    src/app/modules/i
nventory/components/l
ot-import/lot-import.
component.html:333:99
:
[37m      333 Ôöé 
...ark:text-red-400 
mb-2">{{ importResult
?.[32mdata[37m?.err
or_rows }}</div>
          ÔòÁ        
                     
               
[32m~~~~[0m

  Warning occurs in 
the template of 
component 
LotImportComponent.

    src/app/modules/i
nventory/components/l
ot-import/lot-import.
component.ts:20:15:
[37m      20 Ôöé   
templateUrl: [32m'./
lot-import.component.
html'[37m,
         ÔòÁ         
       [32m~~~~~~~~~
~~~~~~~~~~~~~~~~~~~~
[0m


[33mÔû▓ [43;33m[[4
3;30mWARNING[43;33m]
[0m [1mNG8107: The 
left side of this 
optional chain 
operation does not 
include 'null' or 
'undefined' in its 
type, therefore the 
'?.' operator can be 
replaced with the 
'.' operator.[0m 
[1m[35m[plugin 
angular-compiler][0m

    src/app/modules/i
nventory/components/l
ot-import/lot-import.
component.html:345:63
:
[37m      345 Ôöé 
...{{ Object.keys(imp
ortResult?.[32mdata
[37m?.financing_rules
 || {}).leng...
          ÔòÁ        
                     
    [32m~~~~[0m

  Warning occurs in 
the template of 
component 
LotImportComponent.

    src/app/modules/i
nventory/components/l
ot-import/lot-import.
component.ts:20:15:
[37m      20 Ôöé   
templateUrl: [32m'./
lot-import.component.
html'[37m,
         ÔòÁ         
       [32m~~~~~~~~~
~~~~~~~~~~~~~~~~~~~~
[0m


[33mÔû▓ [43;33m[[4
3;30mWARNING[43;33m]
[0m [1mNG8107: The 
left side of this 
optional chain 
operation does not 
include 'null' or 
'undefined' in its 
type, therefore the 
'?.' operator can be 
replaced with the 
'.' operator.[0m 
[1m[35m[plugin 
angular-compiler][0m

    src/app/modules/i
nventory/components/l
ot-import/lot-import.
component.html:359:40
:
[37m      359 Ôöé 
...     ... y {{ (imp
ortResult?.[32mdata
[37m?.errors?.length 
|| 0) - 5 }}...
          ÔòÁ        
                     
    [32m~~~~[0m

  Warning occurs in 
the template of 
component 
LotImportComponent.

    src/app/modules/i
nventory/components/l
ot-import/lot-import.
component.ts:20:15:
[37m      20 Ôöé   
templateUrl: [32m'./
lot-import.component.
html'[37m,
         ÔòÁ         
       [32m~~~~~~~~~
~~~~~~~~~~~~~~~~~~~~
[0m


[33mÔû▓ [43;33m[[4
3;30mWARNING[43;33m]
[0m [1mNG8113: 
BaseChartDirective 
is not used within 
the template of Proje
ctedReportsComponent
[0m [1m[35m[plugin 
angular-compiler][0m

    src/app/modules/r
eports/components/pro
jected/projected-repo
rts.component.ts:21:4
:
[37m      21 Ôöé    
 [32mBaseChartDirect
ive[37m,
         ÔòÁ     [32
m~~~~~~~~~~~~~~~~~~[
0m


[33mÔû▓ [43;33m[[4
3;30mWARNING[43;33m]
[0m [1mNG8113: 
BaseChartDirective 
is not used within 
the template of Sales
ReportsComponent[0m 
[1m[35m[plugin 
angular-compiler][0m

    src/app/modules/r
eports/components/sal
es/sales-reports.comp
onent.ts:24:4:
[37m      24 Ôöé    
 [32mBaseChartDirect
ive[37m,
         ÔòÁ     [32
m~~~~~~~~~~~~~~~~~~[
0m


[33mÔû▓ [43;33m[[4
3;30mWARNING[43;33m]
[0m [1mNG8107: The 
left side of this 
optional chain 
operation does not 
include 'null' or 
'undefined' in its 
type, therefore the 
'?.' operator can be 
replaced with the 
'.' operator.[0m 
[1m[35m[plugin 
angular-compiler][0m

    src/app/modules/s
ales/contracts/logicw
are-full-stock-modal/
logicware-full-stock-
modal.component.html:
80:55:
[37m      80 Ôöé 
...             {{ st
ockData.statistics.by
_status?.[32mdisponi
ble[37m || 0 }}
         ÔòÁ         
                     
                     
 [32m~~~~~~~~~~[0m

  Warning occurs in 
the template of 
component LogicwareFu
llStockModalComponent
.

    src/app/modules/s
ales/contracts/logicw
are-full-stock-modal/
logicware-full-stock-
modal.component.ts:11
:15:
[37m      11 Ôöé   
templateUrl: [32m'./
logicware-full-stock-
modal.component.html'
[37m,
         ÔòÁ         
       [32m~~~~~~~~~
~~~~~~~~~~~~~~~~~~~~~
~~~~~~~~~~~~~~~[0m


[33mÔû▓ [43;33m[[4
3;30mWARNING[43;33m]
[0m [1mNG8107: The 
left side of this 
optional chain 
operation does not 
include 'null' or 
'undefined' in its 
type, therefore the 
'?.' operator can be 
replaced with the 
'.' operator.[0m 
[1m[35m[plugin 
angular-compiler][0m

    src/app/modules/s
ales/contracts/logicw
are-full-stock-modal/
logicware-full-stock-
modal.component.html:
95:55:
[37m      95 Ôöé 
...              {{ s
tockData.statistics.b
y_status?.[32mreserv
ado[37m || 0 }}
         ÔòÁ         
                     
                     
  [32m~~~~~~~~~[0m

  Warning occurs in 
the template of 
component LogicwareFu
llStockModalComponent
.

    src/app/modules/s
ales/contracts/logicw
are-full-stock-modal/
logicware-full-stock-
modal.component.ts:11
:15:
[37m      11 Ôöé   
templateUrl: [32m'./
logicware-full-stock-
modal.component.html'
[37m,
         ÔòÁ         
       [32m~~~~~~~~~
~~~~~~~~~~~~~~~~~~~~~
~~~~~~~~~~~~~~~[0m


[33mÔû▓ [43;33m[[4
3;30mWARNING[43;33m]
[0m [1mNG8107: The 
left side of this 
optional chain 
operation does not 
include 'null' or 
'undefined' in its 
type, therefore the 
'?.' operator can be 
replaced with the 
'.' operator.[0m 
[1m[35m[plugin 
angular-compiler][0m

    src/app/modules/s
ales/contracts/logicw
are-full-stock-modal/
logicware-full-stock-
modal.component.html:
110:55:
[37m      110 Ôöé 
...               {{ 
stockData.statistics.
by_status?.[32mvendi
do[37m || 0 }}
          ÔòÁ        
                     
                     
    [32m~~~~~~~[0m

  Warning occurs in 
the template of 
component LogicwareFu
llStockModalComponent
.

    src/app/modules/s
ales/contracts/logicw
are-full-stock-modal/
logicware-full-stock-
modal.component.ts:11
:15:
[37m      11 Ôöé   
templateUrl: [32m'./
logicware-full-stock-
modal.component.html'
[37m,
         ÔòÁ         
       [32m~~~~~~~~~
~~~~~~~~~~~~~~~~~~~~~
~~~~~~~~~~~~~~~[0m

[39m[22m
[1m[31m[31mX [41;
31m[[41;97mERROR[41
;31m][0m 
[1mNG5002: 
Unexpected closing 
tag "div". It may 
happen when the tag 
has already been 
closed by another 
tag. For more info 
see https://www.w3.or
g/TR/html5/syntax.htm
l#closing-elements-th
at-have-implied-end-t
ags[0m 
[1m[35m[plugin 
angular-compiler][0m

    src/app/modules/r
eports/components/sal
es/sales-reports.comp
onent.html:300:8:
[37m      300 Ôöé   
      
[32m</div>[37m
          ÔòÁ        
 [32m~~~~~~[0m

  Error occurs in 
the template of 
component SalesReport
sComponent.

    src/app/modules/r
eports/components/sal
es/sales-reports.comp
onent.ts:27:15:
[37m      27 Ôöé   
templateUrl: [32m'./
sales-reports.compone
nt.html'[37m,
         ÔòÁ         
       [32m~~~~~~~~~
~~~~~~~~~~~~~~~~~~~~~
~~[0m


[31mX [41;31m[[41;
97mERROR[41;31m][0m
 [1mNG5002: 
Unexpected closing 
tag "div". It may 
happen when the tag 
has already been 
closed by another 
tag. For more info 
see https://www.w3.or
g/TR/html5/syntax.htm
l#closing-elements-th
at-have-implied-end-t
ags[0m 
[1m[35m[plugin 
angular-compiler][0m

    src/app/modules/r
eports/components/sal
es/sales-reports.comp
onent.html:331:0:
[37m      331 Ôöé 
[32m</div>[37m
          ÔòÁ 
[32m~~~~~~[0m

  Error occurs in 
the template of 
component SalesReport
sComponent.

    src/app/modules/r
eports/components/sal
es/sales-reports.comp
onent.ts:27:15:
[37m      27 Ôöé   
templateUrl: [32m'./
sales-reports.compone
nt.html'[37m,
         ÔòÁ         
       [32m~~~~~~~~~
~~~~~~~~~~~~~~~~~~~~~
~~[0m


[31mX [41;31m[[41;
97mERROR[41;31m][0m
 [1mNG2008: Could 
not find stylesheet 
file './sales-reports
.component.scss'.[0m
 [1m[35m[plugin 
angular-compiler][0m

    src/app/modules/r
eports/components/sal
es/sales-reports.comp
onent.ts:28:12:
[37m      28 Ôöé   
styleUrl: [32m'./sal
es-reports.component.
scss'[37m,
         ÔòÁ         
    [32m~~~~~~~~~~~~
~~~~~~~~~~~~~~~~~~~~
[0m


[31mX [41;31m[[41;
97mERROR[41;31m][0m
 [1mTS2345: 
Argument of type 
'null' is not 
assignable to 
parameter of type 
'ChartData<keyof 
ChartTypeRegistry, 
(number | [number, 
number] | Point | 
BubbleDataPoint | 
null)[], 
unknown>'.[0m 
[1m[35m[plugin 
angular-compiler][0m

    src/app/modules/r
eports/components/sal
es/sales-reports.comp
onent.ts:59:56:
[37m      59 Ôöé   
advisorChartData = si
gnal<ChartConfigurati
on['data']>([32mnull
[37m);
         ÔòÁ         
                     
                     
      [32m~~~~[0m


[31mX [41;31m[[41;
97mERROR[41;31m][0m
 [1mTS2345: 
Argument of type 
'null' is not 
assignable to 
parameter of type '_D
eepPartialObject<Core
ChartOptions<keyof 
ChartTypeRegistry> & 
ElementChartOptions<k
eyof 
ChartTypeRegistry> & 
PluginChartOptions<..
.> & DatasetChartOpti
ons<...> & ScaleChart
Options<...>> | 
undefined'.[0m 
[1m[35m[plugin 
angular-compiler][0m

    src/app/modules/r
eports/components/sal
es/sales-reports.comp
onent.ts:60:62:
[37m      60 Ôöé   
advisorChartOptions 
= signal<ChartConfigu
ration['options']>([
32mnull[37m);
         ÔòÁ         
                     
                     
            
[32m~~~~[0m


[31mX [41;31m[[41;
97mERROR[41;31m][0m
 [1mTS2345: 
Argument of type 
'null' is not 
assignable to 
parameter of type 
'ChartData<keyof 
ChartTypeRegistry, 
(number | [number, 
number] | Point | 
BubbleDataPoint | 
null)[], 
unknown>'.[0m 
[1m[35m[plugin 
angular-compiler][0m

    src/app/modules/r
eports/components/sal
es/sales-reports.comp
onent.ts:62:54:
[37m      62 Ôöé   
trendChartData = sign
al<ChartConfiguration
['data']>([32mnull[
37m);
         ÔòÁ         
                     
                     
    [32m~~~~[0m


[31mX [41;31m[[41;
97mERROR[41;31m][0m
 [1mTS2345: 
Argument of type 
'null' is not 
assignable to 
parameter of type '_D
eepPartialObject<Core
ChartOptions<keyof 
ChartTypeRegistry> & 
ElementChartOptions<k
eyof 
ChartTypeRegistry> & 
PluginChartOptions<..
.> & DatasetChartOpti
ons<...> & ScaleChart
Options<...>> | 
undefined'.[0m 
[1m[35m[plugin 
angular-compiler][0m

    src/app/modules/r
eports/components/sal
es/sales-reports.comp
onent.ts:63:60:
[37m      63 Ôöé   
trendChartOptions = s
ignal<ChartConfigurat
ion['options']>([32m
null[37m);
         ÔòÁ         
                     
                     
          
[32m~~~~[0m


[31mX [41;31m[[41;
97mERROR[41;31m][0m
 [1mTS2339: 
Property 'list' does 
not exist on type 'Em
ployeeService'.[0m 
[1m[35m[plugin 
angular-compiler][0m

    src/app/modules/r
eports/components/sal
es/sales-reports.comp
onent.ts:93:46:
[37m      93 Ôöé 
...dvisors: this.empl
oyeeService.[32mlist
[37m(), offices: 
this.teamService...
         ÔòÁ         
                     
    [32m~~~~[0m


[31mX [41;31m[[41;
97mERROR[41;31m][0m
 [1mTS2339: 
Property 'list' does 
not exist on type 
'TeamService'.[0m 
[1m[35m[plugin 
angular-compiler][0m

    src/app/modules/r
eports/components/sal
es/sales-reports.comp
onent.ts:93:80:
[37m      93 Ôöé 
...ice.list(), 
offices: this.teamSer
vice.[32mlist[37m()
 }).subscribe(res => 
{
         ÔòÁ         
                     
            
[32m~~~~[0m


[31mX [41;31m[[41;
97mERROR[41;31m][0m
 [1mTS2339: 
Property 'getReport' 
does not exist on 
type 'SalesReportServ
ice'.[0m 
[1m[35m[plugin 
angular-compiler][0m

    src/app/modules/r
eports/components/sal
es/sales-reports.comp
onent.ts:105:28:
[37m      105 Ôöé   
  this.salesReportSer
vice.[32mgetReport[
37m(filter).subscribe
(data => {
          ÔòÁ        
                     
[32m~~~~~~~~~[0m


[31mX [41;31m[[41;
97mERROR[41;31m][0m
 [1mTS7006: 
Parameter 'data' 
implicitly has an 
'any' type.[0m 
[1m[35m[plugin 
angular-compiler][0m

    src/app/modules/r
eports/components/sal
es/sales-reports.comp
onent.ts:105:56:
[37m      105 Ôöé   
  this.salesReportSer
vice.getReport(filter
).subscribe([32mdata
[37m => {
          ÔòÁ        
                     
                     
       [32m~~~~[0m


[31mX [41;31m[[41;
97mERROR[41;31m][0m
 [1mUnexpected 
"."[0m

    src/app/modules/r
eports/components/sal
es/sales-reports.comp
onent.ts:163:10:
[37m      163 Ôöé   
  this: [32m.[37msh
owExportMenu.update(v
 => !v)
          ÔòÁ        
   [32m^[0m


[31mX [41;31m[[41;
97mERROR[41;31m][0m
 [1mTS2729: 
Property 
'filtersForm' is 
used before its 
initialization.[0m 
[1m[35m[plugin 
angular-compiler][0m

    src/app/modules/r
eports/components/sal
es/sales-reports.comp
onent.ts:166:23:
[37m      166 Ôöé   
const filters = this.
[32mfiltersForm[37m
.value;
          ÔòÁ        
                
[32m~~~~~~~~~~~[0m

  'filtersForm' is 
declared here.

    src/app/modules/r
eports/components/sal
es/sales-reports.comp
onent.ts:56:2:
[37m      56 Ôöé   
[32mfiltersForm[37m:
 FormGroup;
         ÔòÁ   
[32m~~~~~~~~~~~[0m


[31mX [41;31m[[41;
97mERROR[41;31m][0m
 [1mTS1068: 
Unexpected token. A 
constructor, method, 
accessor, or 
property was 
expected.[0m 
[1m[35m[plugin 
angular-compiler][0m

    src/app/modules/r
eports/components/sal
es/sales-reports.comp
onent.ts:167:4:
[37m      167 Ôöé   
  [32mthis[37m.isEx
porting.set(true);
          ÔòÁ     
[32m~~~~[0m


[31mX [41;31m[[41;
97mERROR[41;31m][0m
 [1mTS2532: Object 
is possibly 
'undefined'.[0m 
[1m[35m[plugin 
angular-compiler][0m

    src/app/modules/r
eports/components/sal
es/sales-reports.comp
onent.ts:167:4:
[37m      167 Ôöé   
  [32mthis[37m.isEx
porting.set(true);
          ÔòÁ     
[32m~~~~[0m


[31mX [41;31m[[41;
97mERROR[41;31m][0m
 [1mTS2532: Object 
is possibly 
'undefined'.[0m 
[1m[35m[plugin 
angular-compiler][0m

    src/app/modules/r
eports/components/sal
es/sales-reports.comp
onent.ts:168:0:
[37m      168 Ôöé [
32mthis[37m.exportSe
rvice.exportReport('s
ales', format, 
filters).subscri...
          ÔòÁ 
[32m~~~~[0m


[31mX [41;31m[[41;
97mERROR[41;31m][0m
 [1mTS2552: Cannot 
find name 'format'. 
Did you mean 
'FormData'?[0m 
[1m[35m[plugin 
angular-compiler][0m

    src/app/modules/r
eports/components/sal
es/sales-reports.comp
onent.ts:168:41:
[37m      168 Ôöé ..
.ervice.exportReport(
'sales', 
[32mformat[37m, fil
ters).subscribe(blob 
=> {
          ÔòÁ        
                     
    [32m~~~~~~[0m

  'FormData' is 
declared here.

    node_modules/type
script/lib/lib.dom.d.
ts:9285:12:
[37m      9285 Ôöé 
declare var 
[32mFormData[37m: {
           ÔòÁ       
      
[32m~~~~~~~~[0m


[31mX [41;31m[[41;
97mERROR[41;31m][0m
 [1mTS2304: Cannot 
find name 
'filters'.[0m 
[1m[35m[plugin 
angular-compiler][0m

    src/app/modules/r
eports/components/sal
es/sales-reports.comp
onent.ts:168:49:
[37m      168 Ôöé ..
.ervice.exportReport(
'sales', format, [32
mfilters[37m).subscr
ibe(blob => {
          ÔòÁ        
                     
            
[32m~~~~~~~[0m


[31mX [41;31m[[41;
97mERROR[41;31m][0m
 [1mTS7006: 
Parameter 'blob' 
implicitly has an 
'any' type.[0m 
[1m[35m[plugin 
angular-compiler][0m

    src/app/modules/r
eports/components/sal
es/sales-reports.comp
onent.ts:168:68:
[37m      168 Ôöé ..
.ervice.exportReport(
'sales', format, filt
ers).subscribe([32mb
lob[37m => {
          ÔòÁ        
                     
                     
          
[32m~~~~[0m


[31mX [41;31m[[41;
97mERROR[41;31m][0m
 [1mTS2552: Cannot 
find name 'format'. 
Did you mean 
'FormData'?[0m 
[1m[35m[plugin 
angular-compiler][0m

    src/app/modules/r
eports/components/sal
es/sales-reports.comp
onent.ts:169:63:
[37m      169 Ôöé 
... filename = 
`sales_report_${new D
ate().toISOString()}.
${[32mformat[37m}`;
          ÔòÁ        
                     
                     
          
[32m~~~~~~[0m

  'FormData' is 
declared here.

    node_modules/type
script/lib/lib.dom.d.
ts:9285:12:
[37m      9285 Ôöé 
declare var 
[32mFormData[37m: {
           ÔòÁ       
      
[32m~~~~~~~~[0m


[31mX [41;31m[[41;
97mERROR[41;31m][0m
 [1mTS2532: Object 
is possibly 
'undefined'.[0m 
[1m[35m[plugin 
angular-compiler][0m

    src/app/modules/r
eports/components/sal
es/sales-reports.comp
onent.ts:174:2:
[37m      174 Ôöé   
[32mthis[37m.isExpo
rting.set(false);
          ÔòÁ   
[32m~~~~[0m


[31mX [41;31m[[41;
97mERROR[41;31m][0m
 [1mTS2532: Object 
is possibly 
'undefined'.[0m 
[1m[35m[plugin 
angular-compiler][0m

    src/app/modules/r
eports/components/sal
es/sales-reports.comp
onent.ts:175:9:
[37m      175 Ôöé 
}, () => [32mthis[3
7m.isExporting.set(fa
lse));
          ÔòÁ        
  [32m~~~~[0m


[31mX [41;31m[[41;
97mERROR[41;31m][0m
 [1mTS1128: 
Declaration or 
statement 
expected.[0m 
[1m[35m[plugin 
angular-compiler][0m

    src/app/modules/r
eports/components/sal
es/sales-reports.comp
onent.ts:176:2:
[37m      176 Ôöé   
[32m}[37m
          ÔòÁ   
[32m^[0m


[31mX [41;31m[[41;
97mERROR[41;31m][0m
 [1mTS2304: Cannot 
find name 'toggleExpo
rtMenu'.[0m 
[1m[35m[plugin 
angular-compiler][0m

    src/app/modules/r
eports/components/sal
es/sales-reports.comp
onent.ts:178:0:
[37m      178 Ôöé [
32mtoggleExportMenu[
37m(): void {
          ÔòÁ [32m~~
~~~~~~~~~~~~~~[0m


[31mX [41;31m[[41;
97mERROR[41;31m][0m
 [1mTS1005: ';' 
expected.[0m 
[1m[35m[plugin 
angular-compiler][0m

    src/app/modules/r
eports/components/sal
es/sales-reports.comp
onent.ts:178:18:
[37m      178 Ôöé to
ggleExportMenu()[32m
:[37m void {
          ÔòÁ        
           [32m^[0m


[31mX [41;31m[[41;
97mERROR[41;31m][0m
 [1mTS1005: ':' 
expected.[0m 
[1m[35m[plugin 
angular-compiler][0m

    src/app/modules/r
eports/components/sal
es/sales-reports.comp
onent.ts:179:6:
[37m      179 Ôöé   
this[32m.[37mshowEx
portMenu.update(v => 
!v);
          ÔòÁ       
[32m^[0m


[31mX [41;31m[[41;
97mERROR[41;31m][0m
 [1mTS7006: 
Parameter 'v' 
implicitly has an 
'any' type.[0m 
[1m[35m[plugin 
angular-compiler][0m

    src/app/modules/r
eports/components/sal
es/sales-reports.comp
onent.ts:179:29:
[37m      179 Ôöé   
this.showExportMenu.u
pdate([32mv[37m => 
!v);
          ÔòÁ        
                     
 [32m^[0m


[31mX [41;31m[[41;
97mERROR[41;31m][0m
 [1mTS1005: ',' 
expected.[0m 
[1m[35m[plugin 
angular-compiler][0m

    src/app/modules/r
eports/components/sal
es/sales-reports.comp
onent.ts:179:37:
[37m      179 Ôöé   
this.showExportMenu.u
pdate(v => 
!v)[32m;[37m
          ÔòÁ        
                     
         [32m^[0m


[31mX [41;31m[[41;
97mERROR[41;31m][0m
 [1mTS1128: 
Declaration or 
statement 
expected.[0m 
[1m[35m[plugin 
angular-compiler][0m

    src/app/modules/r
eports/components/sal
es/sales-reports.comp
onent.ts:181:0:
[37m      181 Ôöé 
[32m}[37m
          ÔòÁ 
[32m^[0m

[39m[22m
